[      87ms] Error: Too many re-renders. React limits the number of renders to prevent an infinite loop.
    at renderWithHooksAgain (http://localhost:5173/node_modules/.vite/deps/react-dom_client.js?v=18aa8556:4255:53)
    at renderWithHooks (http://localhost:5173/node_modules/.vite/deps/react-dom_client.js?v=18aa8556:4215:62)
    at updateFunctionComponent (http://localhost:5173/node_modules/.vite/deps/react-dom_client.js?v=18aa8556:5569:16)
    at beginWork (http://localhost:5173/node_modules/.vite/deps/react-dom_client.js?v=18aa8556:6140:20)
    at runWithFiberInDEV (http://localhost:5173/node_modules/.vite/deps/react-dom_client.js?v=18aa8556:851:66)
    at performUnitOfWork (http://localhost:5173/node_modules/.vite/deps/react-dom_client.js?v=18aa8556:8429:92)
    at workLoopSync (http://localhost:5173/node_modules/.vite/deps/react-dom_client.js?v=18aa8556:8325:37)
    at renderRootSync (http://localhost:5173/node_modules/.vite/deps/react-dom_client.js?v=18aa8556:8309:6)
    at performWorkOnRoot (http://localhost:5173/node_modules/.vite/deps/react-dom_client.js?v=18aa8556:7994:27)
    at performWorkOnRootViaSchedulerTask (http://localhost:5173/node_modules/.vite/deps/react-dom_client.js?v=18aa8556:9059:4)
[      86ms] [WARNING] %s

%s
 An error occurred in the <ArticleDetail> component. Consider adding an error boundary to your tree to customize error handling behavior.
Visit https://react.dev/link/error-boundaries to learn more about error boundaries. @ http://localhost:5173/node_modules/.vite/deps/react-dom_client.js?v=18aa8556:5257
[   12796ms] Error: Too many re-renders. React limits the number of renders to prevent an infinite loop.
    at renderWithHooksAgain (http://localhost:5173/node_modules/.vite/deps/react-dom_client.js?v=18aa8556:4255:53)
    at renderWithHooks (http://localhost:5173/node_modules/.vite/deps/react-dom_client.js?v=18aa8556:4215:62)
    at updateFunctionComponent (http://localhost:5173/node_modules/.vite/deps/react-dom_client.js?v=18aa8556:5569:16)
    at beginWork (http://localhost:5173/node_modules/.vite/deps/react-dom_client.js?v=18aa8556:6140:20)
    at runWithFiberInDEV (http://localhost:5173/node_modules/.vite/deps/react-dom_client.js?v=18aa8556:851:66)
    at performUnitOfWork (http://localhost:5173/node_modules/.vite/deps/react-dom_client.js?v=18aa8556:8429:92)
    at workLoopSync (http://localhost:5173/node_modules/.vite/deps/react-dom_client.js?v=18aa8556:8325:37)
    at renderRootSync (http://localhost:5173/node_modules/.vite/deps/react-dom_client.js?v=18aa8556:8309:6)
    at performWorkOnRoot (http://localhost:5173/node_modules/.vite/deps/react-dom_client.js?v=18aa8556:7994:27)
    at performSyncWorkOnRoot (http://localhost:5173/node_modules/.vite/deps/react-dom_client.js?v=18aa8556:9067:4)
[   12796ms] [WARNING] %s

%s
 An error occurred in the <ArticleDetail> component. Consider adding an error boundary to your tree to customize error handling behavior.
Visit https://react.dev/link/error-boundaries to learn more about error boundaries. @ http://localhost:5173/node_modules/.vite/deps/react-dom_client.js?v=18aa8556:5257
